../Core/Src/main.c:108:6:Send_Encoder_Counts	16	static
../Core/Src/main.c:116:6:HAL_UART_RxCpltCallback	64	static
../Core/Src/main.c:195:6:HAL_GPIO_EXTI_Callback	16	static
../Core/Src/main.c:223:6:motor	16	static
../Core/Src/main.c:251:6:HAL_TIM_PeriodElapsedCallback	16	static
../Core/Src/main.c:258:6:HAL_SYSTICK_Callback	8	static
../Core/Src/main.c:262:6:HAL_ADC_ConvCpltCallback	32	static
../Core/Src/main.c:294:5:main	40	static
../Core/Src/main.c:431:6:SystemClock_Config	88	static
../Core/Src/main.c:478:6:Error_Handler	4	static,ignoring_inline_asm
