../Core/Src/tim.c:35:6:MX_TIM2_Init	56	static
../Core/Src/tim.c:79:6:MX_TIM4_Init	64	static
../Core/Src/tim.c:137:6:MX_TIM5_Init	56	static
../Core/Src/tim.c:181:6:MX_TIM8_Init	96	static
../Core/Src/tim.c:255:6:MX_TIM12_Init	56	static
../Core/Src/tim.c:306:6:MX_TIM13_Init	8	static
../Core/Src/tim.c:332:6:HAL_TIM_Encoder_MspInit	56	static
../Core/Src/tim.c:400:6:HAL_TIM_Base_MspInit	32	static
../Core/Src/tim.c:460:6:HAL_TIM_MspPostInit	48	static
../Core/Src/tim.c:532:6:HAL_TIM_Encoder_MspDeInit	16	static
../Core/Src/tim.c:579:6:HAL_TIM_Base_MspDeInit	16	static
